[csr.live/index.html]
[backblue.gif]
[fade.gif]
[index.html]
[csr.live/images/faviconfeac.ico]
[csr.live/images/apple-touch-icon-57x57feac.png]
[csr.live/images/apple-touch-icon-60x60feac.png]
[csr.live/images/apple-touch-icon-72x72feac.png]
[csr.live/images/apple-touch-icon-76x76feac.png]
[csr.live/images/apple-touch-icon-114x114feac.png]
[csr.live/images/apple-touch-icon-120x120feac.png]
[csr.live/images/apple-touch-icon-144x144feac.png]
[csr.live/images/apple-touch-icon-152x152feac.png]
[csr.live/images/apple-touch-icon-180x180feac.png]
[csr.live/images/favicon-16x16feac.png]
[csr.live/images/favicon-32x32feac.png]
[csr.live/images/favicon-96x96.cfeac.delayed]
[csr.live/images/android-chrome-192x192feac.png]
[csr.live/images/smalltile.efeac.delayed]
[csr.live/images/mediumtile.ffeac.delayed]
[csr.live/images/widetile.10feac.delayed]
[csr.live/images/largetile.11feac.delayed]
[csr.live/images/og_img.13.delayed]
[csr.live/exchange.html]
[csr.live/sign-up.html]
[csr.live/login.html]
[csr.live/token-sale-agreement.html]
[csr.live/terms-of-use.html]
[csr.live/privacy-policy.html]
[csr.live/cookie-policy.html]
[csr.live/disclaimer.html]
[csr.live/support.html]
[csr.live/assets/8/8f271511da/cfd4ba49/jquery.js]
[csr.live/assets/8/8f271511da/f91ab1e1/yii.js]
[csr.live/assets/8/8f271511da/f91ab1e1/yii.gridView.js]
[csr.live/assets/8/8f271511da/32384b8a/js/sweetalert-dev.js]
[csr.live/assets/8/8f271511da/315641f9/js/popper.min.js]
[csr.live/assets/8/8f271511da/315641f9/js/bootstrap.min.js]
[csr.live/assets/8/8f271511da/315641f9/js/owl.carousel.min.js]
[csr.live/assets/8/8f271511da/315641f9/js/jquery.magnific-popup.min.js]
[csr.live/assets/8/8f271511da/315641f9/js/scrollspy.min.js]
[csr.live/assets/8/8f271511da/315641f9/js/jquery.easing.min.js]
[csr.live/assets/8/8f271511da/315641f9/js/jquery.simple-text-rotator.js]
[csr.live/assets/8/8f271511da/315641f9/js/custom.js]
[csr.live/assets/8/8f271511da/315641f9/js/bootstrap.offcanvas.js]
[csr.live/index.html]
[csr.live/images/favicon-96x96feac.html]
[csr.live/images/smalltilefeac.html]
[csr.live/images/mediumtilefeac.html]
[csr.live/images/widetilefeac.html]
[csr.live/images/largetilefeac.html]
[csr.live/images/og_img.html]
[csr.live/assets/8/8f271511da/32384b8a/css/sweetalert.css]
[csr.live/assets/8/8f271511da/315641f9/css/magnific-popup.css]
[csr.live/assets/8/8f271511da/315641f9/css/grabbing.37.delayed]
[csr.live/assets/8/8f271511da/315641f9/css/owl.carousel.css]
[csr.live/assets/8/8f271511da/315641f9/css/AjaxLoader.38.delayed]
[csr.live/assets/8/8f271511da/315641f9/css/owl.theme.css]
[csr.live/assets/8/8f271511da/315641f9/css/owl.transitions.css]
[csr.live/assets/8/8f271511da/315641f9/fonts/materialdesignicons-webfontb43a.eot]
[csr.live/assets/8/8f271511da/315641f9/fonts/materialdesignicons-webfontd41d.eot]
[csr.live/assets/8/8f271511da/315641f9/fonts/materialdesignicons-webfontb43a.html]
[csr.live/assets/8/8f271511da/315641f9/fonts/materialdesignicons-webfontb43a.woff]
[csr.live/assets/8/8f271511da/315641f9/fonts/materialdesignicons-webfontb43a-2.html]
[csr.live/assets/8/8f271511da/315641f9/css/materialdesignicons.min.css]
[csr.live/assets/8/8f271511da/315641f9/css/animate.min.css]
[csr.live/assets/8/8f271511da/315641f9/css/bootstrap.min.css]
[csr.live/images/background.jpg]
[csr.live/images/global_company_1.40.delayed]
[csr.live/images/global_company_2.41.delayed]
[csr.live/images/global_company_3.42.delayed]
[csr.live/images/global_company_4.43.delayed]
[csr.live/images/global_company_5.44.delayed]
[csr.live/images/StockSnap.45.delayed]
[csr.live/assets/8/8f271511da/315641f9/images/video_bg.jpg]
[csr.live/assets/8/8f271511da/315641f9/images/bg_pettern.47.delayed]
[csr.live/assets/8/8f271511da/315641f9/css/style.css]
[csr.live/assets/8/8f271511da/315641f9/css/csrlive-core.css]
[csr.live/assets/8/8f271511da/315641f9/images/bg_counter.jpg]
[csr.live/assets/8/8f271511da/315641f9/fonts/bootstrap/glyphicons-halflings-regular.eot]
[csr.live/assets/8/8f271511da/315641f9/fonts/bootstrap/glyphicons-halflings-regulard41d.eot]
[csr.live/assets/8/8f271511da/315641f9/fonts/bootstrap/glyphicons-halflings-regular.html]
[csr.live/assets/8/8f271511da/315641f9/fonts/bootstrap/glyphicons-halflings-regular.woff]
[csr.live/assets/8/8f271511da/315641f9/fonts/bootstrap/glyphicons-halflings-regular-2.html]
[csr.live/assets/8/8f271511da/315641f9/css/landing-bootstrap.css]
[csr.live/assets/8/8f271511da/315641f9/css/bootstrap.offcanvas.css]
[csr.live/images/csr-live-logo-4.svg]
[csr.live/addresses4a66.html]
[csr.live/wallet/default/order.html]
[csr.live/wallet/default/withdraw.html]
[csr.live/faq.html]
[csr.live/{href}.5d.delayed]
[csr.live/{web}.5e.delayed]
[csr.live/how-it-works.60.delayed]
[csr.live/assets/8/8f271511da/50cf70c6/jquery.inputmask.bundle.js]
[csr.live/assets/8/8f271511da/716830f5/jquery-ui.js]
[csr.live/assets/8/8f271511da/f4b899c7/js/bootstrap.js]
[csr.live/assets/8/8f271511da/a7770793/js/dist/web3.min.js]
[csr.live/assets/8/8f271511da/a7770793/js/dist/sha256.min.js]
[csr.live/assets/8/8f271511da/a7770793/js/dist/ethereumjs.min.js]
[csr.live/assets/8/8f271511da/a7770793/js/dist/keythereum.min.js]
[csr.live/assets/8/8f271511da/a7770793/js/dist/dex.min.js]
[csr.live/assets/8/8f271511da/dcbd5331/js-dist/bootstrap.offcanvas.js]
[csr.live/assets/8/8f271511da/dcbd5331/js-dist/numbro.js]
[csr.live/assets/8/8f271511da/dcbd5331/js-dist/moment.min.js]
[csr.live/assets/8/8f271511da/dcbd5331/js-dist/moment-round.min.js]
[csr.live/assets/8/8f271511da/dcbd5331/js-dist/dynamic-form.js]
[csr.live/assets/8/8f271511da/dcbd5331/js-dist/mobile-detect.min.js]
[csr.live/assets/8/8f271511da/dcbd5331/js-dist/dex-all.min.js]
[csr.live/assets/8/8f271511da/e86f405a/js/console.js]
[csr.live/exchange.html]
[csr.live/assets/8/8f271511da/2de337b0/vendor/modernizr.custom.js]
[csr.live/assets/8/8f271511da/2de337b0/hideShowPassword.js]
[csr.live/assets/8/8f271511da/f91ab1e1/yii.activeForm.js]
[csr.live/sign-up.html]
[csr.live/login.html]
[csr.live/token-sale-agreement.html]
[csr.live/terms-of-use.html]
[csr.live/privacy-policy.html]
[csr.live/cookie-policy.html]
[csr.live/disclaimer.html]
[csr.live/forgot-password.html]
[csr.live/assets/8/8f271511da/8d2679be/js/select2.full.min.js]
[csr.live/assets/8/8f271511da/d648a334/js/select2-krajee.min.js]
[csr.live/assets/8/8f271511da/8a6a08f6/js/kv-widgets.min.js]
[csr.live/assets/8/8f271511da/4f4d7284/js/plugins/piexif.min.js]
[csr.live/assets/8/8f271511da/4f4d7284/js/plugins/sortable.min.js]
[csr.live/assets/8/8f271511da/4f4d7284/js/fileinput.min.js]
[csr.live/support.html]
[csr.live/assets/8/8f271511da/f91ab1e1/yii.validation.js]
[csr.live/assets/8/8f271511da/315641f9/css/grabbing.html]
[csr.live/assets/8/8f271511da/315641f9/css/AjaxLoader.html]
[csr.live/assets/8/8f271511da/315641f9/fonts/materialdesignicons-webfontb43a.html]
[csr.live/assets/8/8f271511da/315641f9/fonts/materialdesignicons-webfontb43a-2.html]
[csr.live/assets/8/8f271511da/315641f9/fonts/materialdesignicons-webfontb43a.svg]
[csr.live/images/global_company_1.html]
[csr.live/images/global_company_2.html]
[csr.live/images/global_company_3.html]
[csr.live/images/global_company_4.html]
[csr.live/images/global_company_5.html]
[csr.live/images/StockSnap.html]
[csr.live/assets/8/8f271511da/315641f9/images/bg_pettern.html]
[csr.live/assets/8/8f271511da/315641f9/fonts/bootstrap/glyphicons-halflings-regular.html]
[csr.live/assets/8/8f271511da/315641f9/fonts/bootstrap/glyphicons-halflings-regular-2.html]
[csr.live/assets/8/8f271511da/315641f9/fonts/bootstrap/glyphicons-halflings-regular.svg]
[csr.live/assets/8/8f271511da/f4b899c7/fonts/glyphicons-halflings-regular.eot]
[csr.live/assets/8/8f271511da/f4b899c7/fonts/glyphicons-halflings-regulard41d.eot]
[csr.live/assets/8/8f271511da/f4b899c7/fonts/glyphicons-halflings-regular.html]
[csr.live/assets/8/8f271511da/f4b899c7/fonts/glyphicons-halflings-regular.woff]
[csr.live/assets/8/8f271511da/f4b899c7/fonts/glyphicons-halflings-regular-2.html]
[csr.live/assets/8/8f271511da/f4b899c7/css/bootstrap.css]
[csr.live/assets/8/8f271511da/716830f5/themes/smoothness/images/ui-bg_highlight-soft_75_cccccc_1x100.png]
[csr.live/assets/8/8f271511da/716830f5/themes/smoothness/images/ui-bg_glass_75_e6e6e6_1x400.png]
[csr.live/assets/8/8f271511da/716830f5/themes/smoothness/images/ui-bg_glass_75_dadada_1x400.png]
[csr.live/assets/8/8f271511da/716830f5/themes/smoothness/images/ui-bg_glass_65_ffffff_1x400.png]
[csr.live/assets/8/8f271511da/716830f5/themes/smoothness/images/ui-bg_glass_55_fbf9ee_1x400.png]
[csr.live/assets/8/8f271511da/716830f5/themes/smoothness/images/ui-bg_glass_95_fef1ec_1x400.png]
[csr.live/assets/8/8f271511da/716830f5/themes/smoothness/images/ui-icons_222222_256x240.png]
[csr.live/assets/8/8f271511da/716830f5/themes/smoothness/images/ui-icons_454545_256x240.png]
[csr.live/assets/8/8f271511da/716830f5/themes/smoothness/images/ui-icons_2e83ff_256x240.png]
[csr.live/assets/8/8f271511da/716830f5/themes/smoothness/images/ui-icons_cd0a0a_256x240.png]
[csr.live/assets/8/8f271511da/716830f5/themes/smoothness/images/ui-icons_888888_256x240.png]
[csr.live/assets/8/8f271511da/716830f5/themes/smoothness/jquery-ui.css]
[csr.live/images/bg-box-right.9b.delayed]
[csr.live/images/trade_w.png]
[csr.live/assets/8/8f271511da/dcbd5331/css/dex_v2.css]
[csr.live/assets/8/8f271511da/dcbd5331/fonts/material/Material-Design-Iconic-Fontd1f1.html]
[csr.live/assets/8/8f271511da/dcbd5331/fonts/material/Material-Design-Iconic-Fontd1f1.woff]
[csr.live/assets/8/8f271511da/dcbd5331/css/material-design-iconic-font.min.css]
[csr.live/assets/8/8f271511da/dcbd5331/fonts/material/Material-Design-Iconic-Fontd1f1-2.html]
[csr.live/assets/8/8f271511da/dcbd5331/fonts/ionicons/ionicons28b5.eot]
[csr.live/assets/8/8f271511da/dcbd5331/fonts/ionicons/ionicons28b5.woff]
[csr.live/assets/8/8f271511da/dcbd5331/fonts/ionicons/ionicons28b5.html]
[csr.live/assets/8/8f271511da/dcbd5331/css/ionicons.css]
[csr.live/assets/8/8f271511da/dcbd5331/css/animate.css]
[csr.live/assets/8/8f271511da/ee9948fc/js/dialog.min.js]
[csr.live/assets/8/8f271511da/6c976d13/js/breakpoints.min.js]
[csr.live/assets/8/8f271511da/6c976d13/js/breakpoints-init.js]
[csr.live/images/apple-touch-icon-60x60.png]
[csr.live/addresses6d2c.html]
[csr.live/addresses9830.html]
[csr.live/addressesa438.html]
[csr.live/assets/8/8f271511da/b08a0e55/js-dist/dex-user-all.min.js]
[csr.live/assets/8/8f271511da/ee9948fc/js/bootstrap-dialog.min.js]
[csr.live/assets/8/8f271511da/ee9948fc/js/dialog-yii.min.js]
[csr.live/assets/8/8f271511da/56be94fa/js/kv-grid-export.min.js]
[csr.live/assets/8/8f271511da/56be94fa/js/jquery.resizableColumns.min.js]
[csr.live/assets/8/8f271511da/c0ed158/jquery.pjax.js]
[csr.live/assets/8/8f271511da/6c976d13/js/jquery.storageapi.min.js]
[csr.live/assets/8/8f271511da/6c976d13/js/jquery.slimscroll.js]
[csr.live/assets/8/8f271511da/6c976d13/js/perfect-scrollbar.jquery.js]
[csr.live/assets/8/8f271511da/6c976d13/js/jquery.waypoints.min.js]
[csr.live/assets/8/8f271511da/6c976d13/js/jquery.counterup.min.js]
[csr.live/assets/8/8f271511da/6c976d13/js/switchery.min.js]
[csr.live/assets/8/8f271511da/6c976d13/js/pace.min.js]
[csr.live/assets/8/8f271511da/6c976d13/js/library.js]
[csr.live/assets/8/8f271511da/6c976d13/js/plugins.js]
[csr.live/assets/8/8f271511da/6c976d13/js/app.js]
[csr.live/assets/8/8f271511da/6c976d13/js/moment.js]
[csr.live/assets/8/8f271511da/6c976d13/js/fullcalendar.min.js]
[csr.live/assets/8/8f271511da/6c976d13/js/fullcalendar.js]
[csr.live/assets/8/8f271511da/6c976d13/js/Modal.js]
[csr.live/assets/8/8f271511da/6c976d13/js/dynamic-form.js]
[csr.live/assets/8/8f271511da/6c976d13/js/twoFactorAuth.js]
[csr.live/assets/8/8f271511da/7db9b369/js/language.js]
[csr.live/addresses4a66.html]
[csr.live/wallet/default/order.html]
[csr.live/wallet/default/withdraw.html]
[csr.live/faq.html]
[csr.live/{href}.html]
[csr.live/{web}.html]
[csr.live/images/csr-live-logo-1.svg]
[csr.live/how-it-works.html]
[csr.live/assets/8/8f271511da/2de337b0/images/wink.png]
[csr.live/assets/8/8f271511da/2de337b0/css/example.wink.css]
[csr.live/assets/8/8f271511da/6c976d13/fonts/fontawesome/fontawesome-webfont5b62.eot]
[csr.live/assets/8/8f271511da/6c976d13/fonts/fontawesome/fontawesome-webfontd41d.eot]
[csr.live/assets/8/8f271511da/6c976d13/fonts/fontawesome/fontawesome-webfont5b62.html]
[csr.live/assets/8/8f271511da/6c976d13/fonts/fontawesome/fontawesome-webfont5b62.woff]
[csr.live/assets/8/8f271511da/6c976d13/fonts/fontawesome/fontawesome-webfont5b62-2.html]
[csr.live/assets/8/8f271511da/6c976d13/css/font-awesome.min.css]
[csr.live/assets/8/8f271511da/6c976d13/fonts/material/Material-Design-Iconic-Fontd1f1.html]
[csr.live/assets/8/8f271511da/6c976d13/fonts/material/Material-Design-Iconic-Fontd1f1.woff]
[csr.live/assets/8/8f271511da/6c976d13/css/material-design-iconic-font.min.css]
[csr.live/assets/8/8f271511da/6c976d13/css/animate.min.css]
[csr.live/assets/8/8f271511da/6c976d13/fonts/material/Material-Design-Iconic-Fontd1f1-2.html]
[csr.live/assets/8/8f271511da/6c976d13/fonts/bootstrap/glyphicons-halflings-regular.eot]
[csr.live/assets/8/8f271511da/6c976d13/fonts/bootstrap/glyphicons-halflings-regulard41d.eot]
[csr.live/assets/8/8f271511da/6c976d13/fonts/bootstrap/glyphicons-halflings-regular.html]
[csr.live/assets/8/8f271511da/6c976d13/fonts/bootstrap/glyphicons-halflings-regular.woff]
[csr.live/assets/8/8f271511da/6c976d13/fonts/bootstrap/glyphicons-halflings-regular-2.html]
[csr.live/assets/8/8f271511da/6c976d13/css/csrlive-bootstrap.css]
[csr.live/assets/8/8f271511da/6c976d13/css/csrlive-core.css]
[csr.live/assets/8/8f271511da/6c976d13/css/csrlive-misc.css]
[csr.live/assets/8/8f271511da/6c976d13/css/footer_style.css]
[csr.live/images/csr-live-logo-2.svg]
[csr.live/forgot-password.html]
[csr.live/assets/8/8f271511da/8d2679be/css/select2.min.css]
[csr.live/assets/8/8f271511da/d648a334/css/select2-addl.min.css]
[csr.live/assets/8/8f271511da/d648a334/css/search.png]
[csr.live/assets/8/8f271511da/d648a334/css/loading.gif]
[csr.live/assets/8/8f271511da/d648a334/css/select2-krajee.min.css]
[csr.live/assets/8/8f271511da/8a6a08f6/img/loading-plugin.gif]
[csr.live/assets/8/8f271511da/8a6a08f6/css/kv-widgets.min.css]
[csr.live/assets/8/8f271511da/4f4d7284/img/loading.gif]
[csr.live/assets/8/8f271511da/4f4d7284/img/loading-sm.gif]
[csr.live/assets/8/8f271511da/4f4d7284/css/fileinput.min.css]
[csr.live/assets/8/8f271511da/f4b899c7/fonts/glyphicons-halflings-regular.html]
[csr.live/assets/8/8f271511da/f4b899c7/fonts/glyphicons-halflings-regular-2.html]
[csr.live/assets/8/8f271511da/f4b899c7/fonts/glyphicons-halflings-regular.svg]
[csr.live/images/bg-box-right.html]
[csr.live/assets/8/8f271511da/dcbd5331/images/loading.svg]
[csr.live/images/candlestick.svg]
[csr.live/images/line.svg]
[csr.live/assets/8/8f271511da/dcbd5331/fonts/material/Material-Design-Iconic-Fontd1f1.html]
[csr.live/assets/8/8f271511da/dcbd5331/fonts/material/Material-Design-Iconic-Fontd1f1-2.html]
[csr.live/assets/8/8f271511da/dcbd5331/fonts/ionicons/ionicons28b5.html]
[csr.live/assets/8/8f271511da/dcbd5331/fonts/ionicons/ionicons28b5.svg]
[csr.live/assets/8/8f271511da/b08a0e55/css/main.css]
[csr.live/assets/8/8f271511da/56be94fa/img/loading.gif]
[csr.live/assets/8/8f271511da/56be94fa/css/kv-grid.min.css]
[csr.live/assets/8/8f271511da/ee9948fc/css/bootstrap-dialog-bs3.min.css]
[csr.live/assets/8/8f271511da/56be94fa/css/jquery.resizableColumns.min.css]
[csr.live/assets/8/8f271511da/6c976d13/fonts/fontawesome/fontawesome-webfont.eot]
[csr.live/assets/8/8f271511da/6c976d13/fonts/fontawesome/fontawesome-webfont.html]
[csr.live/assets/8/8f271511da/6c976d13/fonts/fontawesome/fontawesome-webfont.woff]
[csr.live/assets/8/8f271511da/6c976d13/css/font-awesome.css]
[csr.live/assets/8/8f271511da/6c976d13/css/perfect-scrollbar.css]
[csr.live/assets/8/8f271511da/6c976d13/css/switchery.min.css]
[csr.live/assets/8/8f271511da/6c976d13/css/fullcalendar.min.css]
[csr.live/assets/8/8f271511da/6c976d13/fonts/fontawesome/fontawesome-webfont-2.html]
[csr.live/images/ccw-logo.ee.delayed]
[csr.live/images/ccw-logo-black.ef.delayed]
[csr.live/assets/8/8f271511da/6c976d13/css/csrlive-main.css]
[csr.live/addresses6d2c.html]
[csr.live/addresses7ab8.html]
[csr.live/addresses9830.html]
[csr.live/addressesa438.html]
[csr.live/assets/8/8f271511da/2de337b0/images/wink.svg]
[csr.live/assets/8/8f271511da/6c976d13/fonts/fontawesome/fontawesome-webfont5b62.html]
[csr.live/assets/8/8f271511da/6c976d13/fonts/fontawesome/fontawesome-webfont5b62-2.html]
[csr.live/assets/8/8f271511da/6c976d13/fonts/fontawesome/fontawesome-webfont5b62.svg]
[csr.live/assets/8/8f271511da/6c976d13/fonts/material/Material-Design-Iconic-Fontd1f1.html]
[csr.live/assets/8/8f271511da/6c976d13/fonts/material/Material-Design-Iconic-Fontd1f1-2.html]
[csr.live/assets/8/8f271511da/6c976d13/fonts/bootstrap/glyphicons-halflings-regular.html]
[csr.live/assets/8/8f271511da/6c976d13/fonts/bootstrap/glyphicons-halflings-regular-2.html]
[csr.live/assets/8/8f271511da/6c976d13/fonts/bootstrap/glyphicons-halflings-regular.svg]
[csr.live/assets/8/8f271511da/b08a0e55/images/loading.svg]
[csr.live/assets/8/8f271511da/6c976d13/fonts/fontawesome/fontawesome-webfont.html]
[csr.live/assets/8/8f271511da/6c976d13/fonts/fontawesome/fontawesome-webfont-2.html]
[csr.live/assets/8/8f271511da/6c976d13/fonts/fontawesome/fontawesome-webfont.svg]
[csr.live/images/ccw-logo.html]
[csr.live/images/ccw-logo-black.html]
[csr.live/addresses7ab8.html]
[csr.live/addresses099c.html]
[csr.live/addresses099c.html]
